Microchip MPLAB XC8 Compiler V2.05 ()

Linker command line:

-W-3 --edf=C:\Program Files (x86)\Microchip\xc8\v2.05\pic\dat\en_msgs.txt \
  -cs -h+dist/default/production\TEST_UART.X.production.sym \
  --cmf=dist/default/production\TEST_UART.X.production.cmf -z -Q16LF1559 \
  -oC:\Users\DUYNGO~1\AppData\Local\Temp\scvs.2 --defsym=__MPLAB_BUILD=1 \
  -Mdist/default/production/TEST_UART.X.production.map -E1 -ver=XC8 \
  --acfsm=1493 -ASTACK=02180h-021EFh -pstack=STACK -ACODE=00h-07FFhx4 \
  -ASTRCODE=00h-01FFFh -ASTRING=00h-0FFhx32 -ACONST=00h-0FFhx32 \
  -AENTRY=00h-0FFhx32 -ACOMMON=070h-07Fh -ABANK0=020h-06Fh \
  -ABANK1=0A0h-0EFh -ABANK2=0120h-016Fh -ABANK3=01A0h-01EFh \
  -ABANK4=0220h-026Fh -ABANK5=02A0h-02EFh -ABANK6=0320h-032Fh \
  -ABIGRAM=02000h-021EFh \
  -ARAM=020h-06Fh,0A0h-0EFh,0120h-016Fh,01A0h-01EFh,0220h-026Fh,02A0h-02EFh,0320h-032Fh \
  -AABS1=020h-07Fh,0A0h-0EFh,0120h-016Fh,01A0h-01EFh,0220h-026Fh,02A0h-02EFh,0320h-032Fh \
  -ASFR0=00h-01Fh -ASFR1=080h-09Fh -ASFR2=0100h-011Fh -ASFR3=0180h-019Fh \
  -ASFR4=0200h-021Fh -ASFR5=0280h-029Fh -ASFR6=0300h-031Fh \
  -ASFR7=0380h-03EFh -ASFR8=0400h-046Fh -ASFR9=0480h-04EFh \
  -ASFR10=0500h-056Fh -ASFR11=0580h-05EFh -ASFR12=0600h-066Fh \
  -ASFR13=0680h-06EFh -ASFR14=0700h-076Fh -ASFR15=0780h-07EFh \
  -ASFR16=0800h-086Fh -ASFR17=0880h-08EFh -ASFR18=0900h-096Fh \
  -ASFR19=0980h-09EFh -ASFR20=0A00h-0A6Fh -ASFR21=0A80h-0AEFh \
  -ASFR22=0B00h-0B6Fh -ASFR23=0B80h-0BEFh -ASFR24=0C00h-0C6Fh \
  -ASFR25=0C80h-0CEFh -ASFR26=0D00h-0D6Fh -ASFR27=0D80h-0DEFh \
  -ASFR28=0E00h-0E6Fh -ASFR29=0E80h-0EEFh -ASFR30=0F00h-0F6Fh \
  -ASFR31=0F80h-0FEFh -preset_vec=00h,intentry=04h,init,end_init \
  -ppowerup=CODE -pcinit=CODE -pfunctab=ENTRY -ACONFIG=08007h-08008h \
  -pconfig=CONFIG -DCONFIG=2 -AIDLOC=08000h-08003h -pidloc=IDLOC -DIDLOC=2 \
  -DCODE=2 -DSTRCODE=2 -DSTRING=2 -DCONST=2 -DENTRY=2 -k \
  C:\Users\DUYNGO~1\AppData\Local\Temp\scvs.o \
  dist/default/production\TEST_UART.X.production.o 

Object code version is 3.11

Machine type is 16LF1559



                Name                               Link     Load   Length Selector   Space Scale
C:\Users\DUYNGO~1\AppData\Local\Temp\scvs.o
                end_init                             21       21        2        8       0
                reset_vec                             0        0        2        0       0
                config                             8007     8007        2    1000E       0
dist/default/production\TEST_UART.X.production.o
                cinit                                23       23       3B        8       0
                intentry                              4        4       1D        8       0
                text32                              2C3      2C3       1D        8       0
                text31                              222      222       25        8       0
                text30                              346      346       17        8       0
                text29                              40D      40D        3      7AA       0
                text28                              412      412        1      7AA       0
                text27                              409      409        4      7AA       0
                text26                              3C7      3C7        8      754       0
                text25                              1BB      1BB       35        8       0
                text24                              1F0      1F0       32        8       0
                text22                              410      410        2      7AA       0
                text21                              3FF      3FF        6      7AA       0
                text20                              247      247       22        8       0
                text19                              2A6      2A6       1D        8       0
                text18                              289      289       1D        8       0
                text17                              3AA      3AA       11      754       0
                text16                              17D      17D       3E        8       0
                text15                              3F9      3F9        6      7AA       0
                text14                              3F3      3F3        6      7AA       0
                text13                              3ED      3ED        6      7AA       0
                text12                              3E7      3E7        6      7AA       0
                text11                              13F      13F       3E        8       0
                text10                              3E1      3E1        6      7AA       0
                text9                               2FA      2FA       1A        8       0
                text8                               405      405        4      7AA       0
                text7                               3BB      3BB        C      754       0
                text6                               2E0      2E0       1A        8       0
                text5                               269      269       20        8       0
                text4                               35D      35D       16        8       0
                text3                               32D      32D       19        8       0
                text2                                5E       5E       52        8       0
                text1                                F9       F9       46        8       0
                maintext                             B0       B0       49        8       0
                cstackBANK0                          55       55       10       20       1
                cstackCOMMON                         70       70        6       70       1
                cstackBANK1                          E0       E0        4       A0       1
                clrtext                             3DB      3DB        6      7AA       0
                inittext                            3D5      3D5        6      7AA       0
                bssBANK4                            220      220       40      220       1
                bssBANK3                            1A0      1A0       40      1A0       1
                bssBANK2                            120      120       40      120       1
                bssBANK1                             A0       A0       40       A0       1
                dataBANK0                            3C       3C       19       20       1
                bssBANK0                             20       20       1C       20       1
                bssCOMMON                            76       76        4       70       1
                stringtext4                         3CF      3CF        6      79E       0
                stringtext3                         399      399       11      6E6       0
                stringtext2                         387      387       12      6E6       0
                nvBANK0                              65       65        B       20       1
                stringtext1                         373      373       14      6E6       0
                idataBANK0                          314      314       19        8       0

TOTAL           Name                               Link     Load   Length     Space
        CLASS   STACK          

        CLASS   CODE           
                end_init                             21       21        2         0
                cinit                                23       23       3B         0
                intentry                              4        4       1D         0
                reset_vec                             0        0        2         0
                text32                              2C3      2C3       1D         0
                text31                              222      222       25         0
                text30                              346      346       17         0
                text29                              40D      40D        3         0
                text28                              412      412        1         0
                text27                              409      409        4         0
                text26                              3C7      3C7        8         0
                text25                              1BB      1BB       35         0
                text24                              1F0      1F0       32         0
                text22                              410      410        2         0
                text21                              3FF      3FF        6         0
                text20                              247      247       22         0
                text19                              2A6      2A6       1D         0
                text18                              289      289       1D         0
                text17                              3AA      3AA       11         0
                text16                              17D      17D       3E         0
                text15                              3F9      3F9        6         0
                text14                              3F3      3F3        6         0
                text13                              3ED      3ED        6         0
                text12                              3E7      3E7        6         0
                text11                              13F      13F       3E         0
                text10                              3E1      3E1        6         0
                text9                               2FA      2FA       1A         0
                text8                               405      405        4         0
                text7                               3BB      3BB        C         0
                text6                               2E0      2E0       1A         0
                text5                               269      269       20         0
                text4                               35D      35D       16         0
                text3                               32D      32D       19         0
                text2                                5E       5E       52         0
                text1                                F9       F9       46         0
                maintext                             B0       B0       49         0
                clrtext                             3DB      3DB        6         0
                inittext                            3D5      3D5        6         0
                idataBANK0                          314      314       19         0

        CLASS   STRCODE        
                stringtext4                         3CF      3CF        6         0
                stringtext3                         399      399       11         0
                stringtext2                         387      387       12         0
                stringtext1                         373      373       14         0

        CLASS   STRING         

        CLASS   CONST          

        CLASS   ENTRY          

        CLASS   COMMON         
                cstackCOMMON                         70       70        6         1
                bssCOMMON                            76       76        4         1

        CLASS   BANK0          
                cstackBANK0                          55       55       10         1
                dataBANK0                            3C       3C       19         1
                bssBANK0                             20       20       1C         1
                nvBANK0                              65       65        B         1

        CLASS   BANK1          
                cstackBANK1                          E0       E0        4         1
                bssBANK1                             A0       A0       40         1

        CLASS   BANK2          
                bssBANK2                            120      120       40         1

        CLASS   BANK3          
                bssBANK3                            1A0      1A0       40         1

        CLASS   BANK4          
                bssBANK4                            220      220       40         1

        CLASS   BANK5          

        CLASS   BANK6          

        CLASS   BIGRAM         

        CLASS   RAM            

        CLASS   ABS1           
                abs_s1                               7E       7E        2         1

        CLASS   SFR0           

        CLASS   SFR1           

        CLASS   SFR2           

        CLASS   SFR3           

        CLASS   SFR4           

        CLASS   SFR5           

        CLASS   SFR6           

        CLASS   SFR7           

        CLASS   SFR8           

        CLASS   SFR9           

        CLASS   SFR10          

        CLASS   SFR11          

        CLASS   SFR12          

        CLASS   SFR13          

        CLASS   SFR14          

        CLASS   SFR15          

        CLASS   SFR16          

        CLASS   SFR17          

        CLASS   SFR18          

        CLASS   SFR19          

        CLASS   SFR20          

        CLASS   SFR21          

        CLASS   SFR22          

        CLASS   SFR23          

        CLASS   SFR24          

        CLASS   SFR25          

        CLASS   SFR26          

        CLASS   SFR27          

        CLASS   SFR28          

        CLASS   SFR29          

        CLASS   SFR30          

        CLASS   SFR31          

        CLASS   CONFIG         
                config                             8007     8007        2         0

        CLASS   IDLOC          

        CLASS   BANK31         

        CLASS   BANK30         

        CLASS   BANK29         

        CLASS   BANK28         

        CLASS   BANK27         

        CLASS   BANK26         

        CLASS   BANK25         

        CLASS   BANK24         

        CLASS   BANK23         

        CLASS   BANK22         

        CLASS   BANK21         

        CLASS   BANK20         

        CLASS   BANK19         

        CLASS   BANK18         

        CLASS   BANK17         

        CLASS   BANK16         

        CLASS   BANK15         

        CLASS   BANK14         

        CLASS   BANK13         

        CLASS   BANK12         

        CLASS   BANK11         

        CLASS   BANK10         

        CLASS   BANK9          

        CLASS   BANK8          

        CLASS   BANK7          

        CLASS   EEDATA         



SEGMENTS        Name                           Load    Length   Top    Selector   Space  Class     Delta

                reset_vec                      000000  000002  000002         0       0  CODE        2
                intentry                       000004  00036F  000373         8       0  CODE        2
                bssBANK0                       000020  000050  000070        20       1  BANK0       1
                cstackCOMMON                   000070  00000A  00007A        70       1  COMMON      1
                bssBANK1                       0000A0  000044  0000E4        A0       1  BANK1       1
                bssBANK2                       000120  000040  000160       120       1  BANK2       1
                bssBANK3                       0001A0  000040  0001E0       1A0       1  BANK3       1
                bssBANK4                       000220  000040  000260       220       1  BANK4       1
                stringtext1                    000373  000037  0003AA       6E6       0  STRCODE     2
                text17                         0003AA  000025  0003CF       754       0  CODE        2
                stringtext4                    0003CF  000006  0003D5       79E       0  STRCODE     2
                inittext                       0003D5  00003E  000413       7AA       0  CODE        2
                config                         008007  000002  008009     1000E       0  CONFIG      2


UNUSED ADDRESS RANGES

        Name                Unused          Largest block    Delta
        BANK1            000E4-000EF               C           1
        BANK2            00160-0016F              10           1
        BANK3            001E0-001EF              10           1
        BANK4            00260-0026F              10           1
        BANK5            002A0-002EF              50           1
        BANK6            00320-0032F              10           1
        BIGRAM           02000-021EF             1F0           1
        CODE             00002-00003               2           2
                         00413-01FFF             800
        COMMON           0007A-0007D               4           1
        CONST            00002-00003               2           2
                         00413-01FFF             100
        ENTRY            00002-00003               2           2
                         00413-01FFF             100
        IDLOC            08000-08003               4           2
        RAM              000E4-000EF               C           1
                         00160-0016F              10
                         001E0-001EF              10
                         00260-0026F              10
                         002A0-002EF              50
                         00320-0032F              10
        SFR0             00000-0001F              20           1
        SFR1             00080-0009F              20           1
        SFR10            00500-0056F              70           1
        SFR11            00580-005EF              70           1
        SFR12            00600-0066F              70           1
        SFR13            00680-006EF              70           1
        SFR14            00700-0076F              70           1
        SFR15            00780-007EF              70           1
        SFR16            00800-0086F              70           1
        SFR17            00880-008EF              70           1
        SFR18            00900-0096F              70           1
        SFR19            00980-009EF              70           1
        SFR2             00100-0011F              20           1
        SFR20            00A00-00A6F              70           1
        SFR21            00A80-00AEF              70           1
        SFR22            00B00-00B6F              70           1
        SFR23            00B80-00BEF              70           1
        SFR24            00C00-00C6F              70           1
        SFR25            00C80-00CEF              70           1
        SFR26            00D00-00D6F              70           1
        SFR27            00D80-00DEF              70           1
        SFR28            00E00-00E6F              70           1
        SFR29            00E80-00EEF              70           1
        SFR3             00180-0019F              20           1
        SFR30            00F00-00F6F              70           1
        SFR31            00F80-00FEF              70           1
        SFR4             00200-0021F              20           1
        SFR5             00280-0029F              20           1
        SFR6             00300-0031F              20           1
        SFR7             00380-003EF              70           1
        SFR8             00400-0046F              70           1
        SFR9             00480-004EF              70           1
        STACK            02180-021EF              70           1
        STRCODE          00002-00003               2           2
                         00413-01FFF            1BED
        STRING           00002-00003               2           2
                         00413-01FFF             100

                                  Symbol Table

?_strlen                                       cstackCOMMON 00074
?_strncmp                                      cstackBANK0  00055
EUSART_Read@readValue                          cstackCOMMON 00071
EUSART_SetErrorHandler@interruptHandler        cstackCOMMON 00074
EUSART_SetFramingErrorHandler@interruptHandler cstackCOMMON 00074
EUSART_SetOverrunErrorHandler@interruptHandler cstackCOMMON 00074
EUSART_SetRxInterruptHandler@interruptHandler  cstackCOMMON 00074
EUSART_SetTxInterruptHandler@interruptHandler  cstackCOMMON 00074
EUSART_Write@txData                            cstackCOMMON 00074
ReadyReceiveBuffer@position                    cstackCOMMON 00075
ReceivedMessage@readByte                       cstackCOMMON 00073
SML_SendString@command                         cstackBANK0  00058
SML_SendString@len                             cstackBANK0  00055
SendString@command                             cstackBANK0  00055
_ANSELA                                        (abs)        0018C
_ANSELB                                        (abs)        0018D
_ANSELC                                        (abs)        0018E
_APFCON                                        (abs)        0011D
_BAUDCON                                       (abs)        0019F
_BORCON                                        (abs)        00116
_EUSART_DefaultErrorHandler                    text29       0040D
_EUSART_DefaultFramingErrorHandler             text28       00412
_EUSART_DefaultOverrunErrorHandler             text27       00409
_EUSART_ErrorHandler                           nvBANK0      00065
_EUSART_FramingErrorHandler                    nvBANK0      00069
_EUSART_Initialize                             text11       0013F
_EUSART_OverrunErrorHandler                    nvBANK0      00067
_EUSART_Read                                   text31       00222
_EUSART_Receive_ISR                            text24       001F0
_EUSART_RxDataHandler                          text30       00346
_EUSART_RxDefaultInterruptHandler              nvBANK0      0006B
_EUSART_SetErrorHandler                        text15       003F9
_EUSART_SetFramingErrorHandler                 text14       003F3
_EUSART_SetOverrunErrorHandler                 text13       003ED
_EUSART_SetRxInterruptHandler                  text21       003FF
_EUSART_SetTxInterruptHandler                  text12       003E7
_EUSART_Transmit_ISR                           text32       002C3
_EUSART_TxDefaultInterruptHandler              nvBANK0      0006D
_EUSART_Write                                  text20       00247
_EUSART_is_rx_ready                            text26       003C7
_EUSART_is_tx_done                             (abs)        00000
_EUSART_is_tx_ready                            (abs)        00000
_GetResponse                                   text22       00410
_INIT_SMART_LIGHT                              text18       00289
_INTCONbits                                    (abs)        0000B
_INTERRUPT_InterruptManager                    intentry     00004
_LATA                                          (abs)        0010C
_LATB                                          (abs)        0010D
_LATC                                          (abs)        0010E
_OPTION_REGbits                                (abs)        00095
_OSCCON                                        (abs)        00099
_OSCILLATOR_Initialize                         text10       003E1
_PIE1bits                                      (abs)        00091
_PIN_MANAGER_Initialize                        text9        002FA
_PIR1bits                                      (abs)        00011
_RCREG                                         (abs)        00199
_RCSTA                                         (abs)        0019D
_RCSTAbits                                     (abs)        0019D
_ReadyReceiveBuffer                            text17       003AA
_ReceivedMessage                               text25       001BB
_ResponseBuffer                                bssBANK1     000A0
_ResponseIndex                                 bssBANK0     00039
_SML_SendString                                text16       0017D
_SPBRGH                                        (abs)        0019C
_SPBRGL                                        (abs)        0019B
_SYSTEM_Initialize                             text7        003BB
_SendString                                    text19       002A6
_Storage                                       bssBANK2     00120
_Storage2                                      bssBANK3     001A0
_TRISA                                         (abs)        0008C
_TRISB                                         (abs)        0008D
_TRISC                                         (abs)        0008E
_TXREG                                         (abs)        0019A
_TXSTA                                         (abs)        0019E
_TXSTAbits                                     (abs)        0019E
_WDTCON                                        (abs)        00097
_WDT_Initialize                                text8        00405
_WPUA                                          (abs)        0020C
_WPUB                                          (abs)        0020D
__CFG_BOREN$ON                                 (abs)        00000
__CFG_BORV$LO                                  (abs)        00000
__CFG_CLKOUTEN$OFF                             (abs)        00000
__CFG_CP$OFF                                   (abs)        00000
__CFG_FOSC$INTOSC                              (abs)        00000
__CFG_LPBOR$OFF                                (abs)        00000
__CFG_LVP$ON                                   (abs)        00000
__CFG_MCLRE$ON                                 (abs)        00000
__CFG_PWRTE$OFF                                (abs)        00000
__CFG_STVREN$ON                                (abs)        00000
__CFG_WDTE$OFF                                 (abs)        00000
__CFG_WRT$OFF                                  (abs)        00000
__Habs1                                        abs1         00000
__Hbank0                                       bank0        00000
__Hbank1                                       bank1        00000
__Hbank10                                      bank10       00000
__Hbank11                                      bank11       00000
__Hbank12                                      bank12       00000
__Hbank13                                      bank13       00000
__Hbank14                                      bank14       00000
__Hbank15                                      bank15       00000
__Hbank16                                      bank16       00000
__Hbank17                                      bank17       00000
__Hbank18                                      bank18       00000
__Hbank19                                      bank19       00000
__Hbank2                                       bank2        00000
__Hbank20                                      bank20       00000
__Hbank21                                      bank21       00000
__Hbank22                                      bank22       00000
__Hbank23                                      bank23       00000
__Hbank24                                      bank24       00000
__Hbank25                                      bank25       00000
__Hbank26                                      bank26       00000
__Hbank27                                      bank27       00000
__Hbank28                                      bank28       00000
__Hbank29                                      bank29       00000
__Hbank3                                       bank3        00000
__Hbank30                                      bank30       00000
__Hbank31                                      bank31       00000
__Hbank4                                       bank4        00000
__Hbank5                                       bank5        00000
__Hbank6                                       bank6        00000
__Hbank7                                       bank7        00000
__Hbank8                                       bank8        00000
__Hbank9                                       bank9        00000
__Hbigram                                      bigram       00000
__HbssBANK0                                    bssBANK0     00000
__HbssBANK1                                    bssBANK1     00000
__HbssBANK2                                    bssBANK2     00000
__HbssBANK3                                    bssBANK3     00000
__HbssBANK4                                    bssBANK4     00000
__HbssCOMMON                                   bssCOMMON    00000
__Hcinit                                       cinit        0005E
__Hclrtext                                     clrtext      00000
__Hcode                                        code         00000
__Hcommon                                      common       00000
__Hconfig                                      config       08009
__HcstackBANK0                                 cstackBANK0  00000
__HcstackBANK1                                 cstackBANK1  00000
__HcstackCOMMON                                cstackCOMMON 00000
__HdataBANK0                                   dataBANK0    00000
__Heeprom_data                                 eeprom_data  00000
__Hend_init                                    end_init     00023
__Hfunctab                                     functab      00000
__HidataBANK0                                  idataBANK0   00000
__Hidloc                                       idloc        00000
__Hinit                                        init         00021
__Hinittext                                    inittext     00000
__Hintentry                                    intentry     00021
__Hmaintext                                    maintext     00000
__HnvBANK0                                     nvBANK0      00000
__Hpowerup                                     powerup      00000
__Hram                                         ram          00000
__Hreset_vec                                   reset_vec    00002
__Hsfr0                                        sfr0         00000
__Hsfr1                                        sfr1         00000
__Hsfr10                                       sfr10        00000
__Hsfr11                                       sfr11        00000
__Hsfr12                                       sfr12        00000
__Hsfr13                                       sfr13        00000
__Hsfr14                                       sfr14        00000
__Hsfr15                                       sfr15        00000
__Hsfr16                                       sfr16        00000
__Hsfr17                                       sfr17        00000
__Hsfr18                                       sfr18        00000
__Hsfr19                                       sfr19        00000
__Hsfr2                                        sfr2         00000
__Hsfr20                                       sfr20        00000
__Hsfr21                                       sfr21        00000
__Hsfr22                                       sfr22        00000
__Hsfr23                                       sfr23        00000
__Hsfr24                                       sfr24        00000
__Hsfr25                                       sfr25        00000
__Hsfr26                                       sfr26        00000
__Hsfr27                                       sfr27        00000
__Hsfr28                                       sfr28        00000
__Hsfr29                                       sfr29        00000
__Hsfr3                                        sfr3         00000
__Hsfr30                                       sfr30        00000
__Hsfr31                                       sfr31        00000
__Hsfr4                                        sfr4         00000
__Hsfr5                                        sfr5         00000
__Hsfr6                                        sfr6         00000
__Hsfr7                                        sfr7         00000
__Hsfr8                                        sfr8         00000
__Hsfr9                                        sfr9         00000
__Hspace_0                                     (abs)        08009
__Hspace_1                                     (abs)        00260
__Hspace_2                                     (abs)        00000
__Hspace_3                                     (abs)        00000
__Hstack                                       stack        00000
__Hstrings                                     strings      00000
__Hstringtext1                                 stringtext1  00000
__Hstringtext2                                 stringtext2  00000
__Hstringtext3                                 stringtext3  00000
__Hstringtext4                                 stringtext4  00000
__Hstringtext5                                 stringtext5  00000
__Htext                                        text         00000
__Labs1                                        abs1         00000
__Lbank0                                       bank0        00000
__Lbank1                                       bank1        00000
__Lbank10                                      bank10       00000
__Lbank11                                      bank11       00000
__Lbank12                                      bank12       00000
__Lbank13                                      bank13       00000
__Lbank14                                      bank14       00000
__Lbank15                                      bank15       00000
__Lbank16                                      bank16       00000
__Lbank17                                      bank17       00000
__Lbank18                                      bank18       00000
__Lbank19                                      bank19       00000
__Lbank2                                       bank2        00000
__Lbank20                                      bank20       00000
__Lbank21                                      bank21       00000
__Lbank22                                      bank22       00000
__Lbank23                                      bank23       00000
__Lbank24                                      bank24       00000
__Lbank25                                      bank25       00000
__Lbank26                                      bank26       00000
__Lbank27                                      bank27       00000
__Lbank28                                      bank28       00000
__Lbank29                                      bank29       00000
__Lbank3                                       bank3        00000
__Lbank30                                      bank30       00000
__Lbank31                                      bank31       00000
__Lbank4                                       bank4        00000
__Lbank5                                       bank5        00000
__Lbank6                                       bank6        00000
__Lbank7                                       bank7        00000
__Lbank8                                       bank8        00000
__Lbank9                                       bank9        00000
__Lbigram                                      bigram       00000
__LbssBANK0                                    bssBANK0     00000
__LbssBANK1                                    bssBANK1     00000
__LbssBANK2                                    bssBANK2     00000
__LbssBANK3                                    bssBANK3     00000
__LbssBANK4                                    bssBANK4     00000
__LbssCOMMON                                   bssCOMMON    00000
__Lcinit                                       cinit        00023
__Lclrtext                                     clrtext      00000
__Lcode                                        code         00000
__Lcommon                                      common       00000
__Lconfig                                      config       08007
__LcstackBANK0                                 cstackBANK0  00000
__LcstackBANK1                                 cstackBANK1  00000
__LcstackCOMMON                                cstackCOMMON 00000
__LdataBANK0                                   dataBANK0    00000
__Leeprom_data                                 eeprom_data  00000
__Lend_init                                    end_init     00021
__Lfunctab                                     functab      00000
__LidataBANK0                                  idataBANK0   00000
__Lidloc                                       idloc        00000
__Linit                                        init         00021
__Linittext                                    inittext     00000
__Lintentry                                    intentry     00004
__Lmaintext                                    maintext     00000
__LnvBANK0                                     nvBANK0      00000
__Lpowerup                                     powerup      00000
__Lram                                         ram          00000
__Lreset_vec                                   reset_vec    00000
__Lsfr0                                        sfr0         00000
__Lsfr1                                        sfr1         00000
__Lsfr10                                       sfr10        00000
__Lsfr11                                       sfr11        00000
__Lsfr12                                       sfr12        00000
__Lsfr13                                       sfr13        00000
__Lsfr14                                       sfr14        00000
__Lsfr15                                       sfr15        00000
__Lsfr16                                       sfr16        00000
__Lsfr17                                       sfr17        00000
__Lsfr18                                       sfr18        00000
__Lsfr19                                       sfr19        00000
__Lsfr2                                        sfr2         00000
__Lsfr20                                       sfr20        00000
__Lsfr21                                       sfr21        00000
__Lsfr22                                       sfr22        00000
__Lsfr23                                       sfr23        00000
__Lsfr24                                       sfr24        00000
__Lsfr25                                       sfr25        00000
__Lsfr26                                       sfr26        00000
__Lsfr27                                       sfr27        00000
__Lsfr28                                       sfr28        00000
__Lsfr29                                       sfr29        00000
__Lsfr3                                        sfr3         00000
__Lsfr30                                       sfr30        00000
__Lsfr31                                       sfr31        00000
__Lsfr4                                        sfr4         00000
__Lsfr5                                        sfr5         00000
__Lsfr6                                        sfr6         00000
__Lsfr7                                        sfr7         00000
__Lsfr8                                        sfr8         00000
__Lsfr9                                        sfr9         00000
__Lspace_0                                     (abs)        00000
__Lspace_1                                     (abs)        00000
__Lspace_2                                     (abs)        00000
__Lspace_3                                     (abs)        00000
__Lstack                                       stack        00000
__Lstrings                                     strings      00000
__Lstringtext1                                 stringtext1  00000
__Lstringtext2                                 stringtext2  00000
__Lstringtext3                                 stringtext3  00000
__Lstringtext4                                 stringtext4  00000
__Lstringtext5                                 stringtext5  00000
__Ltext                                        text         00000
__S0                                           (abs)        08009
__S1                                           (abs)        00260
__S2                                           (abs)        00000
___int_sp                                      stack        00000
___latbits                                     (abs)        00002
___sp                                          stack        00000
___stackhi                                     (abs)        021EF
___stacklo                                     (abs)        02180
__end_of_EUSART_DefaultErrorHandler            text29       00410
__end_of_EUSART_DefaultFramingErrorHandler     text28       00413
__end_of_EUSART_DefaultOverrunErrorHandler     text27       0040D
__end_of_EUSART_Initialize                     text11       0017D
__end_of_EUSART_Read                           text31       00247
__end_of_EUSART_Receive_ISR                    text24       00222
__end_of_EUSART_RxDataHandler                  text30       0035D
__end_of_EUSART_SetErrorHandler                text15       003FF
__end_of_EUSART_SetFramingErrorHandler         text14       003F9
__end_of_EUSART_SetOverrunErrorHandler         text13       003F3
__end_of_EUSART_SetRxInterruptHandler          text21       00405
__end_of_EUSART_SetTxInterruptHandler          text12       003ED
__end_of_EUSART_Transmit_ISR                   text32       002E0
__end_of_EUSART_Write                          text20       00269
__end_of_EUSART_is_rx_ready                    text26       003CF
__end_of_GetResponse                           text22       00412
__end_of_INIT_SMART_LIGHT                      text18       002A6
__end_of_INTERRUPT_InterruptManager            intentry     00021
__end_of_OSCILLATOR_Initialize                 text10       003E7
__end_of_PIN_MANAGER_Initialize                text9        00314
__end_of_ReadyReceiveBuffer                    text17       003BB
__end_of_ReceivedMessage                       text25       001F0
__end_of_SML_SendString                        text16       001BB
__end_of_SYSTEM_Initialize                     text7        003C7
__end_of_SendString                            text19       002C3
__end_of_WDT_Initialize                        text8        00409
__end_of__initialization                       cinit        0005A
__end_of_blockingWait                          text6        002FA
__end_of_main                                  maintext     000F9
__end_of_strchr                                text4        00373
__end_of_strcpy                                text5        00289
__end_of_strlen                                text3        00346
__end_of_strncmp                               text2        000B0
__end_of_strstr                                text1        0013F
__end_of_uart                                  stringtext1  00387
__initialization                               cinit        00023
__pbssBANK0                                    bssBANK0     00020
__pbssBANK1                                    bssBANK1     000A0
__pbssBANK2                                    bssBANK2     00120
__pbssBANK3                                    bssBANK3     001A0
__pbssBANK4                                    bssBANK4     00220
__pbssCOMMON                                   bssCOMMON    00076
__pcstackBANK0                                 cstackBANK0  00055
__pcstackBANK1                                 cstackBANK1  000E0
__pcstackCOMMON                                cstackCOMMON 00070
__pdataBANK0                                   dataBANK0    0003C
__pidataBANK0                                  idataBANK0   00314
__pintentry                                    intentry     00004
__pmaintext                                    maintext     000B0
__pnvBANK0                                     nvBANK0      00065
__pstringtext1                                 stringtext1  00373
__pstringtext2                                 stringtext2  00387
__pstringtext3                                 stringtext3  00399
__pstringtext4                                 stringtext4  003CF
__pstringtext5                                 stringtext5  00000
__ptext1                                       text1        000F9
__ptext10                                      text10       003E1
__ptext11                                      text11       0013F
__ptext12                                      text12       003E7
__ptext13                                      text13       003ED
__ptext14                                      text14       003F3
__ptext15                                      text15       003F9
__ptext16                                      text16       0017D
__ptext17                                      text17       003AA
__ptext18                                      text18       00289
__ptext19                                      text19       002A6
__ptext2                                       text2        0005E
__ptext20                                      text20       00247
__ptext21                                      text21       003FF
__ptext22                                      text22       00410
__ptext24                                      text24       001F0
__ptext25                                      text25       001BB
__ptext26                                      text26       003C7
__ptext27                                      text27       00409
__ptext28                                      text28       00412
__ptext29                                      text29       0040D
__ptext3                                       text3        0032D
__ptext30                                      text30       00346
__ptext31                                      text31       00222
__ptext32                                      text32       002C3
__ptext4                                       text4        0035D
__ptext5                                       text5        00269
__ptext6                                       text6        002E0
__ptext7                                       text7        003BB
__ptext8                                       text8        00405
__ptext9                                       text9        002FA
__size_of_EUSART_DefaultErrorHandler           (abs)        00000
__size_of_EUSART_DefaultFramingErrorHandler    (abs)        00000
__size_of_EUSART_DefaultOverrunErrorHandler    (abs)        00000
__size_of_EUSART_Initialize                    (abs)        00000
__size_of_EUSART_Read                          (abs)        00000
__size_of_EUSART_Receive_ISR                   (abs)        00000
__size_of_EUSART_RxDataHandler                 (abs)        00000
__size_of_EUSART_SetErrorHandler               (abs)        00000
__size_of_EUSART_SetFramingErrorHandler        (abs)        00000
__size_of_EUSART_SetOverrunErrorHandler        (abs)        00000
__size_of_EUSART_SetRxInterruptHandler         (abs)        00000
__size_of_EUSART_SetTxInterruptHandler         (abs)        00000
__size_of_EUSART_Transmit_ISR                  (abs)        00000
__size_of_EUSART_Write                         (abs)        00000
__size_of_EUSART_is_rx_ready                   (abs)        00000
__size_of_GetResponse                          (abs)        00000
__size_of_INIT_SMART_LIGHT                     (abs)        00000
__size_of_INTERRUPT_InterruptManager           (abs)        00000
__size_of_OSCILLATOR_Initialize                (abs)        00000
__size_of_PIN_MANAGER_Initialize               (abs)        00000
__size_of_ReadyReceiveBuffer                   (abs)        00000
__size_of_ReceivedMessage                      (abs)        00000
__size_of_SML_SendString                       (abs)        00000
__size_of_SYSTEM_Initialize                    (abs)        00000
__size_of_SendString                           (abs)        00000
__size_of_WDT_Initialize                       (abs)        00000
__size_of_blockingWait                         (abs)        00000
__size_of_main                                 (abs)        00000
__size_of_strchr                               (abs)        00000
__size_of_strcpy                               (abs)        00000
__size_of_strlen                               (abs)        00000
__size_of_strncmp                              (abs)        00000
__size_of_strstr                               (abs)        00000
_blockingWait                                  text6        002E0
_eusartRxBuffer                                bssBANK0     00028
_eusartRxCount                                 bssBANK0     0003B
_eusartRxHead                                  bssCOMMON    00077
_eusartRxLastError                             bssBANK0     0003A
_eusartRxStatusBuffer                          bssBANK0     00020
_eusartRxTail                                  bssCOMMON    00076
_eusartTxBuffer                                bssBANK0     00030
_eusartTxBufferRemaining                       nvBANK0      0006F
_eusartTxHead                                  bssCOMMON    00079
_eusartTxTail                                  bssCOMMON    00078
_main                                          maintext     000B0
_rxData                                        bssBANK0     00038
_strchr                                        text4        0035D
_strcpy                                        text5        00269
_strlen                                        text3        0032D
_strncmp                                       text2        0005E
_strstr                                        text1        000F9
_uart                                          stringtext1  00373
blockingWait@counter                           cstackBANK0  00056
blockingWait@limit                             cstackCOMMON 00074
btemp                                          (abs)        0007E
clear_ram0                                     clrtext      003DB
end_of_initialization                          cinit        0005A
init_ram                                       inittext     003D5
int$flags                                      (abs)        0007E
intlevel0                                      functab      00000
intlevel1                                      functab      00000
intlevel2                                      functab      00000
intlevel3                                      functab      00000
intlevel4                                      functab      00000
intlevel5                                      functab      00000
main@s                                         cstackBANK1  000E3
reset_vec                                      reset_vec    00000
start                                          init         00021
start_initialization                           cinit        00023
strchr@c                                       cstackCOMMON 00074
strchr@s                                       cstackBANK0  00055
strcpy@d                                       cstackBANK0  00059
strcpy@dest                                    cstackBANK0  0005A
strcpy@s                                       cstackBANK0  00057
strcpy@src                                     cstackCOMMON 00074
strlen@a                                       cstackBANK0  00056
strlen@s                                       cstackCOMMON 00074
strncmp@_l                                     cstackBANK0  00059
strncmp@_r                                     cstackBANK0  00055
strncmp@l                                      cstackBANK0  0005C
strncmp@n                                      cstackBANK0  00057
strncmp@r                                      cstackBANK0  0005A
strstr@h                                       cstackBANK0  00064
strstr@n                                       cstackBANK0  0005D
strstr@nl                                      cstackBANK0  00062
wtemp0                                         (abs)        0007E


FUNCTION INFORMATION:

 *************** function _main *****************
 Defined at:
		line 17 in file "main.c"
 Parameters:    Size  Location     Type
		None
 Auto vars:     Size  Location     Type
  s               1    3[BANK1 ] PTR unsigned char 
		 -> NULL(0), Storage(64), 
  test            2    0        int 
 Return value:  Size  Location     Type
                  1    wreg      void 
 Registers used:
		wreg, fsr0l, fsr0h, fsr1l, fsr1h, status,2, status,0, pclath, cstack
 Tracked objects:
		On entry : 
		On exit  : 
		Unchanged: 
 Data sizes:     COMMON   BANK0   BANK1   BANK2   BANK3   BANK4   BANK5   BANK6
      Params:         0       0       0       0       0       0       0       0
      Locals:         0       0       3       0       0       0       0       0
      Temps:          0       0       1       0       0       0       0       0
      Totals:         0       0       4       0       0       0       0       0
Total ram usage:        4 bytes
 Hardware stack levels required when called:    8
 This function calls:
		_GetResponse
		_INIT_SMART_LIGHT
		_ReadyReceiveBuffer
		_SML_SendString
		_SYSTEM_Initialize
		_blockingWait
		_strcpy
		_strstr
 This function is called by:
		Startup code after reset
 This function uses a non-reentrant model


 *************** function _strstr *****************
 Defined at:
		line 143 in file "C:\Program Files (x86)\Microchip\xc8\v2.05\pic\sources\c99\common\strstr.c"
 Parameters:    Size  Location     Type
  h               1    wreg     PTR const unsigned char 
		 -> NULL(0), Storage(64), 
  n               2    8[BANK0 ] PTR const unsigned char 
		 -> STR_1(6), 
 Auto vars:     Size  Location     Type
  h               1   15[BANK0 ] PTR const unsigned char 
		 -> NULL(0), Storage(64), 
  nl              2   13[BANK0 ] unsigned int 
 Return value:  Size  Location     Type
                  1    wreg      PTR unsigned char 
 Registers used:
		wreg, fsr0l, fsr0h, fsr1l, fsr1h, status,2, status,0, pclath, cstack
 Tracked objects:
		On entry : 
		On exit  : 
		Unchanged: 
 Data sizes:     COMMON   BANK0   BANK1   BANK2   BANK3   BANK4   BANK5   BANK6
      Params:         0       2       0       0       0       0       0       0
      Locals:         0       3       0       0       0       0       0       0
      Temps:          0       3       0       0       0       0       0       0
      Totals:         0       8       0       0       0       0       0       0
Total ram usage:        8 bytes
 Hardware stack levels used:    1
 Hardware stack levels required when called:    6
 This function calls:
		_strchr
		_strlen
		_strncmp
 This function is called by:
		_main
 This function uses a non-reentrant model


 *************** function _strncmp *****************
 Defined at:
		line 3 in file "C:\Program Files (x86)\Microchip\xc8\v2.05\pic\sources\c99\common\strncmp.c"
 Parameters:    Size  Location     Type
  _l              1    wreg     PTR const unsigned char 
		 -> NULL(0), Storage(64), 
  _r              2    0[BANK0 ] PTR const unsigned char 
		 -> STR_1(6), 
  n               2    2[BANK0 ] unsigned int 
 Auto vars:     Size  Location     Type
  _l              1    4[BANK0 ] PTR const unsigned char 
		 -> NULL(0), Storage(64), 
  r               2    5[BANK0 ] PTR const unsigned char 
		 -> STR_1(6), 
  l               1    7[BANK0 ] PTR const unsigned char 
		 -> NULL(0), Storage(64), 
 Return value:  Size  Location     Type
                  2    0[BANK0 ] int 
 Registers used:
		wreg, fsr0l, fsr0h, fsr1l, fsr1h, status,2, status,0, pclath
 Tracked objects:
		On entry : 
		On exit  : 
		Unchanged: 
 Data sizes:     COMMON   BANK0   BANK1   BANK2   BANK3   BANK4   BANK5   BANK6
      Params:         0       4       0       0       0       0       0       0
      Locals:         0       4       0       0       0       0       0       0
      Temps:          1       0       0       0       0       0       0       0
      Totals:         1       8       0       0       0       0       0       0
Total ram usage:        9 bytes
 Hardware stack levels used:    1
 Hardware stack levels required when called:    5
 This function calls:
		Nothing
 This function is called by:
		_strstr
 This function uses a non-reentrant model


 *************** function _strlen *****************
 Defined at:
		line 12 in file "C:\Program Files (x86)\Microchip\xc8\v2.05\pic\sources\c99\common\strlen.c"
 Parameters:    Size  Location     Type
  s               2    4[COMMON] PTR const unsigned char 
		 -> STR_1(6), 
 Auto vars:     Size  Location     Type
  a               2    1[BANK0 ] PTR const unsigned char 
		 -> STR_1(6), 
 Return value:  Size  Location     Type
                  2    4[COMMON] unsigned int 
 Registers used:
		wreg, fsr0l, fsr0h, status,2, status,0
 Tracked objects:
		On entry : 
		On exit  : 
		Unchanged: 
 Data sizes:     COMMON   BANK0   BANK1   BANK2   BANK3   BANK4   BANK5   BANK6
      Params:         2       0       0       0       0       0       0       0
      Locals:         0       2       0       0       0       0       0       0
      Temps:          0       1       0       0       0       0       0       0
      Totals:         2       3       0       0       0       0       0       0
Total ram usage:        5 bytes
 Hardware stack levels used:    1
 Hardware stack levels required when called:    5
 This function calls:
		Nothing
 This function is called by:
		_strstr
 This function uses a non-reentrant model


 *************** function _strchr *****************
 Defined at:
		line 7 in file "C:\Program Files (x86)\Microchip\xc8\v2.05\pic\sources\c99\common\strchr.c"
 Parameters:    Size  Location     Type
  s               1    wreg     PTR const unsigned char 
		 -> NULL(0), Storage(64), 
  c               2    4[COMMON] int 
 Auto vars:     Size  Location     Type
  s               1    0[BANK0 ] PTR const unsigned char 
		 -> NULL(0), Storage(64), 
 Return value:  Size  Location     Type
                  1    wreg      PTR unsigned char 
 Registers used:
		wreg, fsr1l, fsr1h, status,2, status,0
 Tracked objects:
		On entry : 
		On exit  : 
		Unchanged: 
 Data sizes:     COMMON   BANK0   BANK1   BANK2   BANK3   BANK4   BANK5   BANK6
      Params:         2       0       0       0       0       0       0       0
      Locals:         0       1       0       0       0       0       0       0
      Temps:          0       0       0       0       0       0       0       0
      Totals:         2       1       0       0       0       0       0       0
Total ram usage:        3 bytes
 Hardware stack levels used:    1
 Hardware stack levels required when called:    5
 This function calls:
		Nothing
 This function is called by:
		_strstr
 This function uses a non-reentrant model


 *************** function _strcpy *****************
 Defined at:
		line 7 in file "C:\Program Files (x86)\Microchip\xc8\v2.05\pic\sources\c99\common\strcpy.c"
 Parameters:    Size  Location     Type
  dest            1    wreg     PTR unsigned char 
		 -> Storage2(64), Storage(64), 
  src             2    4[COMMON] PTR const unsigned char 
		 -> NULL(0), ResponseBuffer(64), Storage(64), 
 Auto vars:     Size  Location     Type
  dest            1    5[BANK0 ] PTR unsigned char 
		 -> Storage2(64), Storage(64), 
  s               2    2[BANK0 ] PTR const unsigned char 
		 -> NULL(0), ResponseBuffer(64), Storage(64), 
  d               1    4[BANK0 ] PTR unsigned char 
		 -> Storage2(64), Storage(64), 
 Return value:  Size  Location     Type
                  1    wreg      PTR unsigned char 
 Registers used:
		wreg, fsr0l, fsr0h, fsr1l, fsr1h, status,2, status,0
 Tracked objects:
		On entry : 
		On exit  : 
		Unchanged: 
 Data sizes:     COMMON   BANK0   BANK1   BANK2   BANK3   BANK4   BANK5   BANK6
      Params:         2       0       0       0       0       0       0       0
      Locals:         0       4       0       0       0       0       0       0
      Temps:          0       2       0       0       0       0       0       0
      Totals:         2       6       0       0       0       0       0       0
Total ram usage:        8 bytes
 Hardware stack levels used:    1
 Hardware stack levels required when called:    5
 This function calls:
		Nothing
 This function is called by:
		_main
 This function uses a non-reentrant model


 *************** function _blockingWait *****************
 Defined at:
		line 53 in file "uart.c"
 Parameters:    Size  Location     Type
  limit           2    4[COMMON] unsigned short 
 Auto vars:     Size  Location     Type
  counter         2    1[BANK0 ] unsigned short 
 Return value:  Size  Location     Type
                  1    wreg      void 
 Registers used:
		wreg, status,2
 Tracked objects:
		On entry : 
		On exit  : 
		Unchanged: 
 Data sizes:     COMMON   BANK0   BANK1   BANK2   BANK3   BANK4   BANK5   BANK6
      Params:         2       0       0       0       0       0       0       0
      Locals:         0       2       0       0       0       0       0       0
      Temps:          0       1       0       0       0       0       0       0
      Totals:         2       3       0       0       0       0       0       0
Total ram usage:        5 bytes
 Hardware stack levels used:    1
 Hardware stack levels required when called:    5
 This function calls:
		Nothing
 This function is called by:
		_main
 This function uses a non-reentrant model


 *************** function _SYSTEM_Initialize *****************
 Defined at:
		line 50 in file "mcc_generated_files/mcc.c"
 Parameters:    Size  Location     Type
		None
 Auto vars:     Size  Location     Type
		None
 Return value:  Size  Location     Type
                  1    wreg      void 
 Registers used:
		wreg, status,2, status,0, pclath, cstack
 Tracked objects:
		On entry : 
		On exit  : 
		Unchanged: 
 Data sizes:     COMMON   BANK0   BANK1   BANK2   BANK3   BANK4   BANK5   BANK6
      Params:         0       0       0       0       0       0       0       0
      Locals:         0       0       0       0       0       0       0       0
      Temps:          0       0       0       0       0       0       0       0
      Totals:         0       0       0       0       0       0       0       0
Total ram usage:        0 bytes
 Hardware stack levels used:    1
 Hardware stack levels required when called:    7
 This function calls:
		_EUSART_Initialize
		_OSCILLATOR_Initialize
		_PIN_MANAGER_Initialize
		_WDT_Initialize
 This function is called by:
		_main
 This function uses a non-reentrant model


 *************** function _WDT_Initialize *****************
 Defined at:
		line 67 in file "mcc_generated_files/mcc.c"
 Parameters:    Size  Location     Type
		None
 Auto vars:     Size  Location     Type
		None
 Return value:  Size  Location     Type
                  1    wreg      void 
 Registers used:
		wreg
 Tracked objects:
		On entry : 
		On exit  : 
		Unchanged: 
 Data sizes:     COMMON   BANK0   BANK1   BANK2   BANK3   BANK4   BANK5   BANK6
      Params:         0       0       0       0       0       0       0       0
      Locals:         0       0       0       0       0       0       0       0
      Temps:          0       0       0       0       0       0       0       0
      Totals:         0       0       0       0       0       0       0       0
Total ram usage:        0 bytes
 Hardware stack levels used:    1
 Hardware stack levels required when called:    5
 This function calls:
		Nothing
 This function is called by:
		_SYSTEM_Initialize
 This function uses a non-reentrant model


 *************** function _PIN_MANAGER_Initialize *****************
 Defined at:
		line 55 in file "mcc_generated_files/pin_manager.c"
 Parameters:    Size  Location     Type
		None
 Auto vars:     Size  Location     Type
		None
 Return value:  Size  Location     Type
                  1    wreg      void 
 Registers used:
		wreg, status,2
 Tracked objects:
		On entry : 
		On exit  : 
		Unchanged: 
 Data sizes:     COMMON   BANK0   BANK1   BANK2   BANK3   BANK4   BANK5   BANK6
      Params:         0       0       0       0       0       0       0       0
      Locals:         0       0       0       0       0       0       0       0
      Temps:          0       0       0       0       0       0       0       0
      Totals:         0       0       0       0       0       0       0       0
Total ram usage:        0 bytes
 Hardware stack levels used:    1
 Hardware stack levels required when called:    5
 This function calls:
		Nothing
 This function is called by:
		_SYSTEM_Initialize
 This function uses a non-reentrant model


 *************** function _OSCILLATOR_Initialize *****************
 Defined at:
		line 59 in file "mcc_generated_files/mcc.c"
 Parameters:    Size  Location     Type
		None
 Auto vars:     Size  Location     Type
		None
 Return value:  Size  Location     Type
                  1    wreg      void 
 Registers used:
		wreg, status,2
 Tracked objects:
		On entry : 
		On exit  : 
		Unchanged: 
 Data sizes:     COMMON   BANK0   BANK1   BANK2   BANK3   BANK4   BANK5   BANK6
      Params:         0       0       0       0       0       0       0       0
      Locals:         0       0       0       0       0       0       0       0
      Temps:          0       0       0       0       0       0       0       0
      Totals:         0       0       0       0       0       0       0       0
Total ram usage:        0 bytes
 Hardware stack levels used:    1
 Hardware stack levels required when called:    5
 This function calls:
		Nothing
 This function is called by:
		_SYSTEM_Initialize
 This function uses a non-reentrant model


 *************** function _EUSART_Initialize *****************
 Defined at:
		line 88 in file "mcc_generated_files/eusart.c"
 Parameters:    Size  Location     Type
		None
 Auto vars:     Size  Location     Type
		None
 Return value:  Size  Location     Type
                  1    wreg      void 
 Registers used:
		wreg, status,2, status,0, pclath, cstack
 Tracked objects:
		On entry : 
		On exit  : 
		Unchanged: 
 Data sizes:     COMMON   BANK0   BANK1   BANK2   BANK3   BANK4   BANK5   BANK6
      Params:         0       0       0       0       0       0       0       0
      Locals:         0       0       0       0       0       0       0       0
      Temps:          0       1       0       0       0       0       0       0
      Totals:         0       1       0       0       0       0       0       0
Total ram usage:        1 bytes
 Hardware stack levels used:    1
 Hardware stack levels required when called:    6
 This function calls:
		_EUSART_SetErrorHandler
		_EUSART_SetFramingErrorHandler
		_EUSART_SetOverrunErrorHandler
		_EUSART_SetRxInterruptHandler
		_EUSART_SetTxInterruptHandler
 This function is called by:
		_SYSTEM_Initialize
 This function uses a non-reentrant model


 *************** function _EUSART_SetTxInterruptHandler *****************
 Defined at:
		line 276 in file "mcc_generated_files/eusart.c"
 Parameters:    Size  Location     Type
  interruptHan    2    4[COMMON] PTR FTN()void 
		 -> EUSART_Transmit_ISR(1), 
 Auto vars:     Size  Location     Type
		None
 Return value:  Size  Location     Type
                  1    wreg      void 
 Registers used:
		wreg
 Tracked objects:
		On entry : 
		On exit  : 
		Unchanged: 
 Data sizes:     COMMON   BANK0   BANK1   BANK2   BANK3   BANK4   BANK5   BANK6
      Params:         2       0       0       0       0       0       0       0
      Locals:         0       0       0       0       0       0       0       0
      Temps:          0       0       0       0       0       0       0       0
      Totals:         2       0       0       0       0       0       0       0
Total ram usage:        2 bytes
 Hardware stack levels used:    1
 Hardware stack levels required when called:    5
 This function calls:
		Nothing
 This function is called by:
		_EUSART_Initialize
 This function uses a non-reentrant model


 *************** function _EUSART_SetOverrunErrorHandler *****************
 Defined at:
		line 268 in file "mcc_generated_files/eusart.c"
 Parameters:    Size  Location     Type
  interruptHan    2    4[COMMON] PTR FTN()void 
		 -> EUSART_DefaultOverrunErrorHandler(1), 
 Auto vars:     Size  Location     Type
		None
 Return value:  Size  Location     Type
                  1    wreg      void 
 Registers used:
		wreg
 Tracked objects:
		On entry : 
		On exit  : 
		Unchanged: 
 Data sizes:     COMMON   BANK0   BANK1   BANK2   BANK3   BANK4   BANK5   BANK6
      Params:         2       0       0       0       0       0       0       0
      Locals:         0       0       0       0       0       0       0       0
      Temps:          0       0       0       0       0       0       0       0
      Totals:         2       0       0       0       0       0       0       0
Total ram usage:        2 bytes
 Hardware stack levels used:    1
 Hardware stack levels required when called:    5
 This function calls:
		Nothing
 This function is called by:
		_EUSART_Initialize
 This function uses a non-reentrant model


 *************** function _EUSART_SetFramingErrorHandler *****************
 Defined at:
		line 264 in file "mcc_generated_files/eusart.c"
 Parameters:    Size  Location     Type
  interruptHan    2    4[COMMON] PTR FTN()void 
		 -> EUSART_DefaultFramingErrorHandler(1), 
 Auto vars:     Size  Location     Type
		None
 Return value:  Size  Location     Type
                  1    wreg      void 
 Registers used:
		wreg
 Tracked objects:
		On entry : 
		On exit  : 
		Unchanged: 
 Data sizes:     COMMON   BANK0   BANK1   BANK2   BANK3   BANK4   BANK5   BANK6
      Params:         2       0       0       0       0       0       0       0
      Locals:         0       0       0       0       0       0       0       0
      Temps:          0       0       0       0       0       0       0       0
      Totals:         2       0       0       0       0       0       0       0
Total ram usage:        2 bytes
 Hardware stack levels used:    1
 Hardware stack levels required when called:    5
 This function calls:
		Nothing
 This function is called by:
		_EUSART_Initialize
 This function uses a non-reentrant model


 *************** function _EUSART_SetErrorHandler *****************
 Defined at:
		line 272 in file "mcc_generated_files/eusart.c"
 Parameters:    Size  Location     Type
  interruptHan    2    4[COMMON] PTR FTN()void 
		 -> EUSART_DefaultErrorHandler(1), 
 Auto vars:     Size  Location     Type
		None
 Return value:  Size  Location     Type
                  1    wreg      void 
 Registers used:
		wreg
 Tracked objects:
		On entry : 
		On exit  : 
		Unchanged: 
 Data sizes:     COMMON   BANK0   BANK1   BANK2   BANK3   BANK4   BANK5   BANK6
      Params:         2       0       0       0       0       0       0       0
      Locals:         0       0       0       0       0       0       0       0
      Temps:          0       0       0       0       0       0       0       0
      Totals:         2       0       0       0       0       0       0       0
Total ram usage:        2 bytes
 Hardware stack levels used:    1
 Hardware stack levels required when called:    5
 This function calls:
		Nothing
 This function is called by:
		_EUSART_Initialize
 This function uses a non-reentrant model


 *************** function _SML_SendString *****************
 Defined at:
		line 14 in file "uart.c"
 Parameters:    Size  Location     Type
  command         1    wreg     PTR const unsigned char 
		 -> Storage2(64), 
  len             2    0[BANK0 ] int 
 Auto vars:     Size  Location     Type
  command         1    3[BANK0 ] PTR const unsigned char 
		 -> Storage2(64), 
 Return value:  Size  Location     Type
                  1    wreg      void 
 Registers used:
		wreg, fsr0l, fsr0h, fsr1l, fsr1h, status,2, status,0, pclath, cstack
 Tracked objects:
		On entry : 
		On exit  : 
		Unchanged: 
 Data sizes:     COMMON   BANK0   BANK1   BANK2   BANK3   BANK4   BANK5   BANK6
      Params:         0       2       0       0       0       0       0       0
      Locals:         0       1       0       0       0       0       0       0
      Temps:          0       1       0       0       0       0       0       0
      Totals:         0       4       0       0       0       0       0       0
Total ram usage:        4 bytes
 Hardware stack levels used:    1
 Hardware stack levels required when called:    6
 This function calls:
		_EUSART_Write
 This function is called by:
		_main
 This function uses a non-reentrant model


 *************** function _ReadyReceiveBuffer *****************
 Defined at:
		line 43 in file "uart.c"
 Parameters:    Size  Location     Type
		None
 Auto vars:     Size  Location     Type
  position        1    5[COMMON] unsigned char 
 Return value:  Size  Location     Type
                  1    wreg      void 
 Registers used:
		wreg, fsr1l, fsr1h, status,2, status,0
 Tracked objects:
		On entry : 
		On exit  : 
		Unchanged: 
 Data sizes:     COMMON   BANK0   BANK1   BANK2   BANK3   BANK4   BANK5   BANK6
      Params:         0       0       0       0       0       0       0       0
      Locals:         1       0       0       0       0       0       0       0
      Temps:          1       0       0       0       0       0       0       0
      Totals:         2       0       0       0       0       0       0       0
Total ram usage:        2 bytes
 Hardware stack levels used:    1
 Hardware stack levels required when called:    5
 This function calls:
		Nothing
 This function is called by:
		_main
 This function uses a non-reentrant model


 *************** function _INIT_SMART_LIGHT *****************
 Defined at:
		line 24 in file "uart.c"
 Parameters:    Size  Location     Type
		None
 Auto vars:     Size  Location     Type
		None
 Return value:  Size  Location     Type
                  1    wreg      void 
 Registers used:
		wreg, fsr0l, fsr0h, fsr1l, fsr1h, status,2, status,0, pclath, cstack
 Tracked objects:
		On entry : 
		On exit  : 
		Unchanged: 
 Data sizes:     COMMON   BANK0   BANK1   BANK2   BANK3   BANK4   BANK5   BANK6
      Params:         0       0       0       0       0       0       0       0
      Locals:         0       0       0       0       0       0       0       0
      Temps:          0       0       0       0       0       0       0       0
      Totals:         0       0       0       0       0       0       0       0
Total ram usage:        0 bytes
 Hardware stack levels used:    1
 Hardware stack levels required when called:    7
 This function calls:
		_EUSART_SetRxInterruptHandler
		_SendString
 This function is called by:
		_main
 This function uses a non-reentrant model


 *************** function _SendString *****************
 Defined at:
		line 7 in file "uart.c"
 Parameters:    Size  Location     Type
  command         2    0[BANK0 ] PTR const unsigned char 
		 -> STR_3(17), STR_2(18), 
 Auto vars:     Size  Location     Type
		None
 Return value:  Size  Location     Type
                  1    wreg      void 
 Registers used:
		wreg, fsr0l, fsr0h, fsr1l, fsr1h, status,2, status,0, pclath, cstack
 Tracked objects:
		On entry : 
		On exit  : 
		Unchanged: 
 Data sizes:     COMMON   BANK0   BANK1   BANK2   BANK3   BANK4   BANK5   BANK6
      Params:         0       2       0       0       0       0       0       0
      Locals:         0       0       0       0       0       0       0       0
      Temps:          0       1       0       0       0       0       0       0
      Totals:         0       3       0       0       0       0       0       0
Total ram usage:        3 bytes
 Hardware stack levels used:    1
 Hardware stack levels required when called:    6
 This function calls:
		_EUSART_Write
 This function is called by:
		_INIT_SMART_LIGHT
 This function uses a non-reentrant model


 *************** function _EUSART_Write *****************
 Defined at:
		line 173 in file "mcc_generated_files/eusart.c"
 Parameters:    Size  Location     Type
  txData          1    4[COMMON] unsigned char 
 Auto vars:     Size  Location     Type
		None
 Return value:  Size  Location     Type
                  1    wreg      void 
 Registers used:
		wreg, fsr1l, fsr1h, status,2, status,0
 Tracked objects:
		On entry : 
		On exit  : 
		Unchanged: 
 Data sizes:     COMMON   BANK0   BANK1   BANK2   BANK3   BANK4   BANK5   BANK6
      Params:         1       0       0       0       0       0       0       0
      Locals:         0       0       0       0       0       0       0       0
      Temps:          1       0       0       0       0       0       0       0
      Totals:         2       0       0       0       0       0       0       0
Total ram usage:        2 bytes
 Hardware stack levels used:    1
 Hardware stack levels required when called:    5
 This function calls:
		Nothing
 This function is called by:
		_SendString
		_SML_SendString
 This function uses a non-reentrant model


 *************** function _EUSART_SetRxInterruptHandler *****************
 Defined at:
		line 280 in file "mcc_generated_files/eusart.c"
 Parameters:    Size  Location     Type
  interruptHan    2    4[COMMON] PTR FTN()void 
		 -> ReceivedMessage(1), EUSART_Receive_ISR(1), 
 Auto vars:     Size  Location     Type
		None
 Return value:  Size  Location     Type
                  1    wreg      void 
 Registers used:
		wreg
 Tracked objects:
		On entry : 
		On exit  : 
		Unchanged: 
 Data sizes:     COMMON   BANK0   BANK1   BANK2   BANK3   BANK4   BANK5   BANK6
      Params:         2       0       0       0       0       0       0       0
      Locals:         0       0       0       0       0       0       0       0
      Temps:          0       0       0       0       0       0       0       0
      Totals:         2       0       0       0       0       0       0       0
Total ram usage:        2 bytes
 Hardware stack levels used:    1
 Hardware stack levels required when called:    5
 This function calls:
		Nothing
 This function is called by:
		_EUSART_Initialize
		_INIT_SMART_LIGHT
 This function uses a non-reentrant model


 *************** function _GetResponse *****************
 Defined at:
		line 49 in file "uart.c"
 Parameters:    Size  Location     Type
		None
 Auto vars:     Size  Location     Type
		None
 Return value:  Size  Location     Type
                  1    wreg      PTR unsigned char 
 Registers used:
		wreg
 Tracked objects:
		On entry : 
		On exit  : 
		Unchanged: 
 Data sizes:     COMMON   BANK0   BANK1   BANK2   BANK3   BANK4   BANK5   BANK6
      Params:         0       0       0       0       0       0       0       0
      Locals:         0       0       0       0       0       0       0       0
      Temps:          0       0       0       0       0       0       0       0
      Totals:         0       0       0       0       0       0       0       0
Total ram usage:        0 bytes
 Hardware stack levels used:    1
 Hardware stack levels required when called:    5
 This function calls:
		Nothing
 This function is called by:
		_main
 This function uses a non-reentrant model


 *************** function _INTERRUPT_InterruptManager *****************
 Defined at:
		line 52 in file "mcc_generated_files/interrupt_manager.c"
 Parameters:    Size  Location     Type
		None
 Auto vars:     Size  Location     Type
		None
 Return value:  Size  Location     Type
                  1    wreg      void 
 Registers used:
		wreg, fsr0l, fsr0h, fsr1l, fsr1h, status,2, status,0, pclath, cstack
 Tracked objects:
		On entry : 
		On exit  : 
		Unchanged: 
 Data sizes:     COMMON   BANK0   BANK1   BANK2   BANK3   BANK4   BANK5   BANK6
      Params:         0       0       0       0       0       0       0       0
      Locals:         0       0       0       0       0       0       0       0
      Temps:          0       0       0       0       0       0       0       0
      Totals:         0       0       0       0       0       0       0       0
Total ram usage:        0 bytes
 Hardware stack levels used:    1
 Hardware stack levels required when called:    4
 This function calls:
		Absolute function
		_EUSART_Receive_ISR
		_EUSART_Transmit_ISR
		_ReceivedMessage
 This function is called by:
		Interrupt level 1
 This function uses a non-reentrant model


 *************** function _EUSART_Receive_ISR *****************
 Defined at:
		line 216 in file "mcc_generated_files/eusart.c"
 Parameters:    Size  Location     Type
		None
 Auto vars:     Size  Location     Type
		None
 Return value:  Size  Location     Type
                  1    wreg      void 
 Registers used:
		wreg, fsr1l, fsr1h, status,2, status,0, pclath, cstack
 Tracked objects:
		On entry : 
		On exit  : 
		Unchanged: 
 Data sizes:     COMMON   BANK0   BANK1   BANK2   BANK3   BANK4   BANK5   BANK6
      Params:         0       0       0       0       0       0       0       0
      Locals:         0       0       0       0       0       0       0       0
      Temps:          0       0       0       0       0       0       0       0
      Totals:         0       0       0       0       0       0       0       0
Total ram usage:        0 bytes
 Hardware stack levels used:    1
 Hardware stack levels required when called:    2
 This function calls:
		Absolute function
		_EUSART_DefaultErrorHandler
		_EUSART_DefaultFramingErrorHandler
		_EUSART_DefaultOverrunErrorHandler
		_EUSART_RxDataHandler
 This function is called by:
		_EUSART_Initialize
		_ReceivedMessage
		_INTERRUPT_InterruptManager
 This function uses a non-reentrant model


 *************** function _ReceivedMessage *****************
 Defined at:
		line 30 in file "uart.c"
 Parameters:    Size  Location     Type
		None
 Auto vars:     Size  Location     Type
  readByte        1    3[COMMON] unsigned char 
 Return value:  Size  Location     Type
                  1    wreg      void 
 Registers used:
		wreg, fsr0l, fsr0h, fsr1l, fsr1h, status,2, status,0, pclath, cstack
 Tracked objects:
		On entry : 
		On exit  : 
		Unchanged: 
 Data sizes:     COMMON   BANK0   BANK1   BANK2   BANK3   BANK4   BANK5   BANK6
      Params:         0       0       0       0       0       0       0       0
      Locals:         1       0       0       0       0       0       0       0
      Temps:          1       0       0       0       0       0       0       0
      Totals:         2       0       0       0       0       0       0       0
Total ram usage:        2 bytes
 Hardware stack levels used:    1
 Hardware stack levels required when called:    3
 This function calls:
		_EUSART_Read
		_EUSART_Receive_ISR
		_EUSART_is_rx_ready
 This function is called by:
		_INIT_SMART_LIGHT
		_INTERRUPT_InterruptManager
 This function uses a non-reentrant model


 *************** function _EUSART_is_rx_ready *****************
 Defined at:
		line 137 in file "mcc_generated_files/eusart.c"
 Parameters:    Size  Location     Type
		None
 Auto vars:     Size  Location     Type
		None
 Return value:  Size  Location     Type
                  1    wreg      _Bool 
 Registers used:
		wreg, status,2, status,0
 Tracked objects:
		On entry : 
		On exit  : 
		Unchanged: 
 Data sizes:     COMMON   BANK0   BANK1   BANK2   BANK3   BANK4   BANK5   BANK6
      Params:         0       0       0       0       0       0       0       0
      Locals:         0       0       0       0       0       0       0       0
      Temps:          0       0       0       0       0       0       0       0
      Totals:         0       0       0       0       0       0       0       0
Total ram usage:        0 bytes
 Hardware stack levels used:    1
 This function calls:
		Nothing
 This function is called by:
		_ReceivedMessage
 This function uses a non-reentrant model


 *************** function _EUSART_DefaultOverrunErrorHandler *****************
 Defined at:
		line 252 in file "mcc_generated_files/eusart.c"
 Parameters:    Size  Location     Type
		None
 Auto vars:     Size  Location     Type
		None
 Return value:  Size  Location     Type
                  1    wreg      void 
 Registers used:
		None
 Tracked objects:
		On entry : 
		On exit  : 
		Unchanged: 
 Data sizes:     COMMON   BANK0   BANK1   BANK2   BANK3   BANK4   BANK5   BANK6
      Params:         0       0       0       0       0       0       0       0
      Locals:         0       0       0       0       0       0       0       0
      Temps:          0       0       0       0       0       0       0       0
      Totals:         0       0       0       0       0       0       0       0
Total ram usage:        0 bytes
 Hardware stack levels used:    1
 This function calls:
		Nothing
 This function is called by:
		_EUSART_Initialize
		_EUSART_Receive_ISR
 This function uses a non-reentrant model


 *************** function _EUSART_DefaultFramingErrorHandler *****************
 Defined at:
		line 250 in file "mcc_generated_files/eusart.c"
 Parameters:    Size  Location     Type
		None
 Auto vars:     Size  Location     Type
		None
 Return value:  Size  Location     Type
                  1    wreg      void 
 Registers used:
		None
 Tracked objects:
		On entry : 
		On exit  : 
		Unchanged: 
 Data sizes:     COMMON   BANK0   BANK1   BANK2   BANK3   BANK4   BANK5   BANK6
      Params:         0       0       0       0       0       0       0       0
      Locals:         0       0       0       0       0       0       0       0
      Temps:          0       0       0       0       0       0       0       0
      Totals:         0       0       0       0       0       0       0       0
Total ram usage:        0 bytes
 Hardware stack levels used:    1
 This function calls:
		Nothing
 This function is called by:
		_EUSART_Initialize
		_EUSART_Receive_ISR
 This function uses a non-reentrant model


 *************** function _EUSART_DefaultErrorHandler *****************
 Defined at:
		line 260 in file "mcc_generated_files/eusart.c"
 Parameters:    Size  Location     Type
		None
 Auto vars:     Size  Location     Type
		None
 Return value:  Size  Location     Type
                  1    wreg      void 
 Registers used:
		wreg, fsr1l, fsr1h, status,2, status,0, pclath, cstack
 Tracked objects:
		On entry : 
		On exit  : 
		Unchanged: 
 Data sizes:     COMMON   BANK0   BANK1   BANK2   BANK3   BANK4   BANK5   BANK6
      Params:         0       0       0       0       0       0       0       0
      Locals:         0       0       0       0       0       0       0       0
      Temps:          0       0       0       0       0       0       0       0
      Totals:         0       0       0       0       0       0       0       0
Total ram usage:        0 bytes
 Hardware stack levels used:    1
 Hardware stack levels required when called:    1
 This function calls:
		_EUSART_RxDataHandler
 This function is called by:
		_EUSART_Initialize
		_EUSART_Receive_ISR
 This function uses a non-reentrant model


 *************** function _EUSART_RxDataHandler *****************
 Defined at:
		line 240 in file "mcc_generated_files/eusart.c"
 Parameters:    Size  Location     Type
		None
 Auto vars:     Size  Location     Type
		None
 Return value:  Size  Location     Type
                  1    wreg      void 
 Registers used:
		wreg, fsr1l, fsr1h, status,2, status,0
 Tracked objects:
		On entry : 
		On exit  : 
		Unchanged: 
 Data sizes:     COMMON   BANK0   BANK1   BANK2   BANK3   BANK4   BANK5   BANK6
      Params:         0       0       0       0       0       0       0       0
      Locals:         0       0       0       0       0       0       0       0
      Temps:          1       0       0       0       0       0       0       0
      Totals:         1       0       0       0       0       0       0       0
Total ram usage:        1 bytes
 Hardware stack levels used:    1
 This function calls:
		Nothing
 This function is called by:
		_EUSART_Receive_ISR
		_EUSART_DefaultErrorHandler
 This function uses a non-reentrant model


 *************** function _EUSART_Read *****************
 Defined at:
		line 151 in file "mcc_generated_files/eusart.c"
 Parameters:    Size  Location     Type
		None
 Auto vars:     Size  Location     Type
  readValue       1    1[COMMON] unsigned char 
 Return value:  Size  Location     Type
                  1    wreg      unsigned char 
 Registers used:
		wreg, fsr1l, fsr1h, status,2, status,0
 Tracked objects:
		On entry : 
		On exit  : 
		Unchanged: 
 Data sizes:     COMMON   BANK0   BANK1   BANK2   BANK3   BANK4   BANK5   BANK6
      Params:         0       0       0       0       0       0       0       0
      Locals:         1       0       0       0       0       0       0       0
      Temps:          1       0       0       0       0       0       0       0
      Totals:         2       0       0       0       0       0       0       0
Total ram usage:        2 bytes
 Hardware stack levels used:    1
 This function calls:
		Nothing
 This function is called by:
		_ReceivedMessage
 This function uses a non-reentrant model


 *************** function _EUSART_Transmit_ISR *****************
 Defined at:
		line 197 in file "mcc_generated_files/eusart.c"
 Parameters:    Size  Location     Type
		None
 Auto vars:     Size  Location     Type
		None
 Return value:  Size  Location     Type
                  1    wreg      void 
 Registers used:
		wreg, fsr1l, fsr1h, status,2, status,0
 Tracked objects:
		On entry : 
		On exit  : 
		Unchanged: 
 Data sizes:     COMMON   BANK0   BANK1   BANK2   BANK3   BANK4   BANK5   BANK6
      Params:         0       0       0       0       0       0       0       0
      Locals:         0       0       0       0       0       0       0       0
      Temps:          1       0       0       0       0       0       0       0
      Totals:         1       0       0       0       0       0       0       0
Total ram usage:        1 bytes
 Hardware stack levels used:    1
 This function calls:
		Nothing
 This function is called by:
		_EUSART_Initialize
		_INTERRUPT_InterruptManager
 This function uses a non-reentrant model



MODULE INFORMATION

Module		Function		Class		Link	Load	Size
uart.c
		_ReadyReceiveBuffer		CODE           	03AA	0000	18
		_SML_SendString		CODE           	017D	0000	63
		_GetResponse   		CODE           	0410	0000	3
		_SendString    		CODE           	02A6	0000	30
		_INIT_SMART_LIGHT		CODE           	0289	0000	30
		_ReceivedMessage		CODE           	01BB	0000	54
		_blockingWait  		CODE           	02E0	0000	27

uart.c estimated size: 225

mcc_generated_files/interrupt_manager.c
		_INTERRUPT_InterruptManager		CODE           	0004	0000	30

mcc_generated_files/interrupt_manager.c estimated size: 30

mcc_generated_files/pin_manager.c
		_PIN_MANAGER_Initialize		CODE           	02FA	0000	27

mcc_generated_files/pin_manager.c estimated size: 27

C:\Program Files (x86)\Microchip\xc8\v2.05\pic\sources\c99\common\strlen.c
		_strlen        		CODE           	032D	0000	26

C:\Program Files (x86)\Microchip\xc8\v2.05\pic\sources\c99\common\strlen.c estimated size: 26

C:\Program Files (x86)\Microchip\xc8\v2.05\pic\sources\c99\common\strchr.c
		_strchr        		CODE           	035D	0000	23

C:\Program Files (x86)\Microchip\xc8\v2.05\pic\sources\c99\common\strchr.c estimated size: 23

C:\Program Files (x86)\Microchip\xc8\v2.05\pic\sources\c99\common\strcpy.c
		_strcpy        		CODE           	0269	0000	33

C:\Program Files (x86)\Microchip\xc8\v2.05\pic\sources\c99\common\strcpy.c estimated size: 33

C:\Program Files (x86)\Microchip\xc8\v2.05\pic\sources\c99\common\strncmp.c
		_strncmp       		CODE           	005E	0000	83

C:\Program Files (x86)\Microchip\xc8\v2.05\pic\sources\c99\common\strncmp.c estimated size: 83

shared
		_uart          		STRCODE        	0373	0000	21
		__initialization		CODE           	0023	0000	56

shared estimated size: 77

mcc_generated_files/mcc.c
		_WDT_Initialize		CODE           	0405	0000	5
		_OSCILLATOR_Initialize		CODE           	03E1	0000	7
		_SYSTEM_Initialize		CODE           	03BB	0000	13

mcc_generated_files/mcc.c estimated size: 25

mcc_generated_files/eusart.c
		_EUSART_SetRxInterruptHandler		CODE           	03FF	0000	7
		_EUSART_SetTxInterruptHandler		CODE           	03E7	0000	7
		_EUSART_Read   		CODE           	0222	0000	38
		_EUSART_DefaultOverrunErrorHandler		CODE           	0409	0000	5
		_EUSART_Write  		CODE           	0247	0000	35
		_EUSART_DefaultErrorHandler		CODE           	040D	0000	4
		_EUSART_Transmit_ISR		CODE           	02C3	0000	30
		_EUSART_Initialize		CODE           	013F	0000	63
		_EUSART_SetFramingErrorHandler		CODE           	03F3	0000	7
		_EUSART_SetErrorHandler		CODE           	03F9	0000	7
		_EUSART_SetOverrunErrorHandler		CODE           	03ED	0000	7
		_EUSART_Receive_ISR		CODE           	01F0	0000	51
		_EUSART_RxDataHandler		CODE           	0346	0000	24
		_EUSART_DefaultFramingErrorHandler		CODE           	0412	0000	2
		_EUSART_is_rx_ready		CODE           	03C7	0000	9

mcc_generated_files/eusart.c estimated size: 296

main.c
		_main          		CODE           	00B0	0000	74

main.c estimated size: 74

C:\Program Files (x86)\Microchip\xc8\v2.05\pic\sources\c99\common\strstr.c
		_strstr        		CODE           	00F9	0000	71

C:\Program Files (x86)\Microchip\xc8\v2.05\pic\sources\c99\common\strstr.c estimated size: 71

